[template.hasthemes.com/taset/taset/index.html]
[backblue.gif]
[fade.gif]
[index.html]
[template.hasthemes.com/taset/taset/assets/img/favicon.ico]
[template.hasthemes.com/taset/taset/assets/css/bootstrap.min.css]
[template.hasthemes.com/taset/taset/assets/css/icofont.css]
[template.hasthemes.com/taset/taset/assets/css/swiper.min.css]
[template.hasthemes.com/taset/taset/assets/css/style.css]
[template.hasthemes.com/taset/taset/assets/img/logo.webp]
[template.hasthemes.com/taset/taset/assets/img/logo-light.webp]
[template.hasthemes.com/taset/taset/services.html]
[template.hasthemes.com/taset/taset/service-details.html]
[template.hasthemes.com/taset/taset/projects.html]
[template.hasthemes.com/taset/taset/project-details.html]
[template.hasthemes.com/taset/taset/about.html]
[template.hasthemes.com/taset/taset/coming-soon.html]
[template.hasthemes.com/taset/taset/page-not-found.html]
[template.hasthemes.com/taset/taset/blog.html]
[template.hasthemes.com/taset/taset/blog-4-column.html]
[template.hasthemes.com/taset/taset/blog-left-sidebar.html]
[template.hasthemes.com/taset/taset/blog-right-sidebar.html]
[template.hasthemes.com/taset/taset/blog-details.html]
[template.hasthemes.com/taset/taset/contact.html]
[template.hasthemes.com/taset/taset/assets/img/photos/a1.webp]
[template.hasthemes.com/taset/taset/assets/img/service/1.webp]
[template.hasthemes.com/taset/taset/assets/img/service/2.webp]
[template.hasthemes.com/taset/taset/assets/img/service/3.webp]
[template.hasthemes.com/taset/taset/assets/img/service/4.webp]
[template.hasthemes.com/taset/taset/assets/img/shape/2.webp]
[template.hasthemes.com/taset/taset/assets/img/shape/3.webp]
[template.hasthemes.com/taset/taset/assets/img/team/1.webp]
[template.hasthemes.com/taset/taset/assets/img/team/2.webp]
[template.hasthemes.com/taset/taset/assets/img/team/3.webp]
[template.hasthemes.com/taset/taset/assets/img/team/4.webp]
[template.hasthemes.com/taset/taset/assets/img/projects/w1.webp]
[template.hasthemes.com/taset/taset/assets/img/projects/w2.webp]
[template.hasthemes.com/taset/taset/assets/img/projects/w3.webp]
[template.hasthemes.com/taset/taset/assets/img/projects/w4.webp]
[template.hasthemes.com/taset/taset/assets/img/icons/quote-icon.webp]
[template.hasthemes.com/taset/taset/assets/img/shape/4.webp]
[template.hasthemes.com/taset/taset/assets/img/blog/1.webp]
[template.hasthemes.com/taset/taset/assets/img/blog/2.webp]
[template.hasthemes.com/taset/taset/assets/img/shape/1.webp]
[template.hasthemes.com/taset/taset/assets/js/modernizr.js]
[template.hasthemes.com/taset/taset/assets/js/jquery-main.js]
[template.hasthemes.com/taset/taset/assets/js/jquery-migrate.js]
[template.hasthemes.com/taset/taset/assets/js/popper.min.js]
[template.hasthemes.com/taset/taset/assets/js/bootstrap.min.js]
[template.hasthemes.com/taset/taset/assets/js/swiper.min.js]
[template.hasthemes.com/taset/taset/assets/js/jquery.countdown.min.js]
[template.hasthemes.com/taset/taset/assets/js/isotope.pkgd.min.js]
[template.hasthemes.com/taset/taset/index.html]
[template.hasthemes.com/taset/taset/assets/css/bootstrap.min.css]
[template.hasthemes.com/taset/taset/assets/js/custom.js]
[template.hasthemes.com/taset/taset/assets/fonts/icofont.woff2]
[template.hasthemes.com/taset/taset/assets/fonts/icofont.woff]
[template.hasthemes.com/taset/taset/assets/css/icofont.css]
[template.hasthemes.com/taset/taset/assets/css/swiper.min.css]
[template.hasthemes.com/taset/taset/assets/img/photos/bg1.webp]
[template.hasthemes.com/taset/taset/assets/css/style.css]
[template.hasthemes.com/taset/taset/assets/img/service/s1.webp]
[template.hasthemes.com/taset/taset/assets/img/service/s2.webp]
[template.hasthemes.com/taset/taset/assets/img/service/s3.webp]
[template.hasthemes.com/taset/taset/assets/img/service/s4.webp]
[template.hasthemes.com/taset/taset/assets/img/service/s5.webp]
[template.hasthemes.com/taset/taset/assets/img/service/s6.webp]
[template.hasthemes.com/taset/taset/assets/img/service/s7.webp]
[template.hasthemes.com/taset/taset/assets/img/service/s8.webp]
[template.hasthemes.com/taset/taset/services.html]
[template.hasthemes.com/taset/taset/assets/img/service/details/1.webp]
[template.hasthemes.com/taset/taset/service-details.html]
[template.hasthemes.com/taset/taset/assets/img/projects/1.webp]
[template.hasthemes.com/taset/taset/assets/img/projects/2.webp]
[template.hasthemes.com/taset/taset/assets/img/projects/3.webp]
[template.hasthemes.com/taset/taset/assets/img/projects/4.webp]
[template.hasthemes.com/taset/taset/assets/img/projects/5.webp]
[template.hasthemes.com/taset/taset/assets/img/projects/6.webp]
[template.hasthemes.com/taset/taset/projects.html]
[template.hasthemes.com/taset/taset/assets/img/projects/details/1.webp]
[template.hasthemes.com/taset/taset/assets/img/projects/details/2.webp]
[template.hasthemes.com/taset/taset/assets/img/projects/details/3.webp]
[template.hasthemes.com/taset/taset/assets/img/projects/details/4.webp]
[template.hasthemes.com/taset/taset/project-details.html]
[template.hasthemes.com/taset/taset/assets/img/photos/a2.webp]
[template.hasthemes.com/taset/taset/about.html]
[template.hasthemes.com/taset/taset/coming-soon.html]
[template.hasthemes.com/taset/taset/assets/img/photos/error.webp]
[template.hasthemes.com/taset/taset/assets/img/photos/404.webp]
[template.hasthemes.com/taset/taset/page-not-found.html]
[template.hasthemes.com/taset/taset/assets/img/blog/3.webp]
[template.hasthemes.com/taset/taset/assets/img/blog/4.webp]
[template.hasthemes.com/taset/taset/assets/img/blog/5.webp]
[template.hasthemes.com/taset/taset/assets/img/blog/6.webp]
[template.hasthemes.com/taset/taset/assets/img/blog/7.webp]
[template.hasthemes.com/taset/taset/assets/img/blog/8.webp]
[template.hasthemes.com/taset/taset/assets/img/blog/9.webp]
[template.hasthemes.com/taset/taset/assets/img/blog/10.webp]
[template.hasthemes.com/taset/taset/blog.html]
[template.hasthemes.com/taset/taset/blog-4-column.html]
[template.hasthemes.com/taset/taset/assets/img/blog/11.webp]
[template.hasthemes.com/taset/taset/assets/img/blog/12.webp]
[template.hasthemes.com/taset/taset/assets/img/blog/13.webp]
[template.hasthemes.com/taset/taset/assets/img/blog/14.webp]
[template.hasthemes.com/taset/taset/blog-left-sidebar.html]
[template.hasthemes.com/taset/taset/blog-right-sidebar.html]
[template.hasthemes.com/taset/taset/assets/img/blog/details/1.webp]
[template.hasthemes.com/taset/taset/assets/img/blog/details/2.webp]
[template.hasthemes.com/taset/taset/assets/img/blog/15.webp]
[template.hasthemes.com/taset/taset/assets/img/blog/16.webp]
[template.hasthemes.com/taset/taset/assets/img/blog/17.webp]
[template.hasthemes.com/taset/taset/assets/img/blog/details/a1.webp]
[template.hasthemes.com/taset/taset/assets/img/blog/details/a2.webp]
[template.hasthemes.com/taset/taset/assets/img/blog/details/a3.webp]
[template.hasthemes.com/taset/taset/blog-details.html]
[template.hasthemes.com/taset/taset/assets/img/icons/telephone.webp]
[template.hasthemes.com/taset/taset/assets/img/icons/envelope.webp]
[template.hasthemes.com/taset/taset/assets/img/icons/placeholder.webp]
[template.hasthemes.com/taset/taset/contact.html]
